[2024-12-21T18:49:29.854+0800][0.034s][info][gc,init] CardTable entry size: 512
[2024-12-21T18:49:29.855+0800][0.035s][info][gc     ] Using G1
[2024-12-21T18:49:29.857+0800][0.037s][info][gc,init] Version: 21.0.2+13-LTS-58 (release)
[2024-12-21T18:49:29.857+0800][0.037s][info][gc,init] CPUs: 12 total, 12 available
[2024-12-21T18:49:29.857+0800][0.037s][info][gc,init] Memory: 32452M
[2024-12-21T18:49:29.857+0800][0.037s][info][gc,init] Large Page Support: Disabled
[2024-12-21T18:49:29.857+0800][0.037s][info][gc,init] NUMA Support: Disabled
[2024-12-21T18:49:29.857+0800][0.037s][info][gc,init] Compressed Oops: Enabled (Zero based)
[2024-12-21T18:49:29.857+0800][0.037s][info][gc,init] Heap Region Size: 4M
[2024-12-21T18:49:29.857+0800][0.037s][info][gc,init] Heap Min Capacity: 8M
[2024-12-21T18:49:29.858+0800][0.037s][info][gc,init] Heap Initial Capacity: 508M
[2024-12-21T18:49:29.858+0800][0.037s][info][gc,init] Heap Max Capacity: 8116M
[2024-12-21T18:49:29.858+0800][0.037s][info][gc,init] Pre-touch: Disabled
[2024-12-21T18:49:29.858+0800][0.037s][info][gc,init] Parallel Workers: 10
[2024-12-21T18:49:29.858+0800][0.037s][info][gc,init] Concurrent Workers: 3
[2024-12-21T18:49:29.858+0800][0.037s][info][gc,init] Concurrent Refinement Workers: 10
[2024-12-21T18:49:29.858+0800][0.038s][info][gc,init] Periodic GC: Disabled
[2024-12-21T18:49:29.869+0800][0.049s][info][gc,metaspace] CDS archive(s) mapped at: [0x000001d41a000000-0x000001d41ac90000-0x000001d41ac90000), size 13172736, SharedBaseAddress: 0x000001d41a000000, ArchiveRelocationMode: 1.
[2024-12-21T18:49:29.869+0800][0.049s][info][gc,metaspace] Compressed class space mapped at: 0x000001d41b000000-0x000001d45b000000, reserved size: 1073741824
[2024-12-21T18:49:29.869+0800][0.049s][info][gc,metaspace] Narrow klass base: 0x000001d41a000000, Narrow klass shift: 0, Narrow klass range: 0x100000000
[2024-12-21T18:49:29.984+0800][0.164s][info][gc,start    ] GC(0) Pause Full (System.gc())
[2024-12-21T18:49:29.984+0800][0.164s][info][gc,task     ] GC(0) Using 1 workers of 10 for full compaction
[2024-12-21T18:49:29.984+0800][0.164s][info][gc,phases,start] GC(0) Phase 1: Mark live objects
[2024-12-21T18:49:29.986+0800][0.167s][info][gc,phases      ] GC(0) Phase 1: Mark live objects 2.531ms
[2024-12-21T18:49:29.987+0800][0.167s][info][gc,phases,start] GC(0) Phase 2: Prepare compaction
[2024-12-21T18:49:29.987+0800][0.167s][info][gc,phases      ] GC(0) Phase 2: Prepare compaction 0.446ms
[2024-12-21T18:49:29.987+0800][0.167s][info][gc,phases,start] GC(0) Phase 3: Adjust pointers
[2024-12-21T18:49:29.988+0800][0.168s][info][gc,phases      ] GC(0) Phase 3: Adjust pointers 0.970ms
[2024-12-21T18:49:29.988+0800][0.168s][info][gc,phases,start] GC(0) Phase 4: Compact heap
[2024-12-21T18:49:29.989+0800][0.169s][info][gc,phases      ] GC(0) Phase 4: Compact heap 0.855ms
[2024-12-21T18:49:29.989+0800][0.169s][info][gc,phases,start] GC(0) Phase 5: Reset Metadata
[2024-12-21T18:49:29.989+0800][0.170s][info][gc,phases      ] GC(0) Phase 5: Reset Metadata 0.201ms
[2024-12-21T18:49:29.992+0800][0.172s][info][gc,heap        ] GC(0) Eden regions: 1->0(1)
[2024-12-21T18:49:29.992+0800][0.172s][info][gc,heap        ] GC(0) Survivor regions: 0->0(0)
[2024-12-21T18:49:29.992+0800][0.172s][info][gc,heap        ] GC(0) Old regions: 0->1
[2024-12-21T18:49:29.992+0800][0.172s][info][gc,heap        ] GC(0) Humongous regions: 0->0
[2024-12-21T18:49:29.992+0800][0.172s][info][gc,metaspace   ] GC(0) Metaspace: 594K(768K)->594K(768K) NonClass: 557K(640K)->557K(640K) Class: 36K(128K)->36K(128K)
[2024-12-21T18:49:29.992+0800][0.172s][info][gc             ] GC(0) Pause Full (System.gc()) 4M->0M(16M) 8.037ms
[2024-12-21T18:49:29.992+0800][0.172s][info][gc,cpu         ] GC(0) User=0.00s Sys=0.00s Real=0.01s
[2024-12-21T18:49:29.993+0800][0.173s][info][gc,heap,exit   ] Heap
[2024-12-21T18:49:29.993+0800][0.173s][info][gc,heap,exit   ]  garbage-first heap   total 16384K, used 2707K [0x0000000604c00000, 0x0000000800000000)
[2024-12-21T18:49:29.993+0800][0.173s][info][gc,heap,exit   ]   region size 4096K, 1 young (4096K), 0 survivors (0K)
[2024-12-21T18:49:29.993+0800][0.174s][info][gc,heap,exit   ]  Metaspace       used 620K, committed 768K, reserved 1114112K
[2024-12-21T18:49:29.993+0800][0.174s][info][gc,heap,exit   ]   class space    used 40K, committed 128K, reserved 1048576K
